// Jest Snapshot v1, https://goo.gl/fbAQLP

exports[`matches the box list snapshot 1`] = `
<DocumentFragment>
  <div>
    <h2>
      Colored Box Generator
    </h2>
    <form
      class="NewBoxForm"
    >
      <label
        class="NewBoxForm-label"
        for="height"
      >
        Height (pixels)
      </label>
      <input
        class="NewBoxForm-input"
        id="height"
        max="200"
        min="50"
        name="height"
        type="number"
        value="50"
      />
      <label
        class="NewBoxForm-label"
        for="width"
      >
        Width (pixels)
      </label>
      <input
        class="NewBoxForm-input"
        id="width"
        max="200"
        min="50"
        name="width"
        type="number"
        value="50"
      />
      <label
        class="NewBoxForm-label"
        for="color"
      >
        Color
      </label>
      <input
        class="NewBoxForm-input"
        id="color"
        name="color"
        type="color"
        value="#000000"
      />
      <button
        class="NewBoxForm-button"
      >
        Add Box
      </button>
    </form>
    <div />
  </div>
</DocumentFragment>
`;
